Loading openmpi/4.1.6--gcc--12.2.0
  Loading requirement: gcc/12.2.0-binut2.41
----------------------------------------------------
Job ID: 32601758
Job Name: weak_16x7_4n_p1
Running on 4 nodes
Total MPI tasks: 64
Tasks per node: 16
CPUs per task (OMP_NUM_THREADS): 7
Program arguments: -x 32768 -y 32768 -n 500 -e 1 -p 1 -t 1
 -------- help unavailable ----------
 -------- help unavailable ----------
 -------- help unavailable ----------
 -------- help unavailable ----------
 -------- help unavailable ----------
 -------- help unavailable ----------
 -------- help unavailable ----------
 -------- help unavailable ----------
 -------- help unavailable ----------
 -------- help unavailable ----------
 -------- help unavailable ----------
 -------- help unavailable ----------
 -------- help unavailable ----------
 -------- help unavailable ----------
 -------- help unavailable ----------
 -------- help unavailable ----------
 -------- help unavailable ----------
 -------- help unavailable ----------
 -------- help unavailable ----------
 -------- help unavailable ----------
 -------- help unavailable ----------
 -------- help unavailable ----------
 -------- help unavailable ----------
 -------- help unavailable ----------
 -------- help unavailable ----------
 -------- help unavailable ----------
 -------- help unavailable ----------
 -------- help unavailable ----------
 -------- help unavailable ----------
 -------- help unavailable ----------
 -------- help unavailable ----------
 -------- help unavailable ----------
 -------- help unavailable ----------
 -------- help unavailable ----------
 -------- help unavailable ----------
 -------- help unavailable ----------
 -------- help unavailable ----------
 -------- help unavailable ----------
 -------- help unavailable ----------
 -------- help unavailable ----------
 -------- help unavailable ----------
 -------- help unavailable ----------
 -------- help unavailable ----------
 -------- help unavailable ----------
 -------- help unavailable ----------
 -------- help unavailable ----------
 -------- help unavailable ----------
 -------- help unavailable ----------
 -------- help unavailable ----------
 -------- help unavailable ----------
 -------- help unavailable ----------
 -------- help unavailable ----------
 -------- help unavailable ----------
 -------- help unavailable ----------
 -------- help unavailable ----------
 -------- help unavailable ----------
 -------- help unavailable ----------
 -------- help unavailable ----------
 -------- help unavailable ----------
 -------- help unavailable ----------
 -------- help unavailable ----------
 -------- help unavailable ----------
 -------- help unavailable ----------
 -------- help unavailable ----------
total injected energy is 500, system energy is 500 ( in avg 2.98023e-05 per grid point)
Total time: 12.992850
Initialization time: 0.092491
Computation time: 12.899900
  - Internal computation: 12.838651 (98.81%)
  - Border computation: 0.065840 (0.51%)
Communication time: 0.788639
Pack time: 0.000000
Unpack time: 0.000000
Communication/Total ratio: 6.07%
Computation/Total ratio: 99.28%
Other time (overhead): -0.695688 (-5.35%)

Job completed successfully
----------------------------------------------------
