Loading openmpi/4.1.6--gcc--12.2.0
  Loading requirement: gcc/12.2.0-binut2.41
----------------------------------------------------
Job ID: 32601762
Job Name: weak_16x7_16n_p1
Running on 16 nodes
Total MPI tasks: 256
Tasks per node: 16
CPUs per task (OMP_NUM_THREADS): 7
Program arguments: -x 65536 -y 65536 -n 500 -e 1 -p 1 -t 1
 -------- help unavailable ----------
 -------- help unavailable ----------
 -------- help unavailable ----------
 -------- help unavailable ----------
 -------- help unavailable ----------
 -------- help unavailable ----------
 -------- help unavailable ----------
 -------- help unavailable ----------
 -------- help unavailable ----------
 -------- help unavailable ----------
 -------- help unavailable ----------
 -------- help unavailable ----------
 -------- help unavailable ----------
 -------- help unavailable ----------
 -------- help unavailable ----------
 -------- help unavailable ----------
 -------- help unavailable ----------
 -------- help unavailable ----------
 -------- help unavailable ----------
 -------- help unavailable ----------
 -------- help unavailable ----------
 -------- help unavailable ----------
 -------- help unavailable ----------
 -------- help unavailable ----------
 -------- help unavailable ----------
 -------- help unavailable ----------
 -------- help unavailable ----------
 -------- help unavailable ----------
 -------- help unavailable ----------
 -------- help unavailable ----------
 -------- help unavailable ----------
 -------- help unavailable ----------
 -------- help unavailable ----------
 -------- help unavailable ----------
 -------- help unavailable ----------
 -------- help unavailable ----------
 -------- help unavailable ----------
 -------- help unavailable ----------
 -------- help unavailable ----------
 -------- help unavailable ----------
 -------- help unavailable ----------
 -------- help unavailable ----------
 -------- help unavailable ----------
 -------- help unavailable ----------
 -------- help unavailable ----------
 -------- help unavailable ----------
 -------- help unavailable ----------
 -------- help unavailable ----------
 -------- help unavailable ----------
 -------- help unavailable ----------
 -------- help unavailable ----------
 -------- help unavailable ----------
 -------- help unavailable ----------
 -------- help unavailable ----------
 -------- help unavailable ----------
 -------- help unavailable ----------
 -------- help unavailable ----------
 -------- help unavailable ----------
 -------- help unavailable ----------
 -------- help unavailable ----------
 -------- help unavailable ----------
 -------- help unavailable ----------
 -------- help unavailable ----------
 -------- help unavailable ----------
 -------- help unavailable ----------
 -------- help unavailable ----------
 -------- help unavailable ----------
 -------- help unavailable ----------
 -------- help unavailable ----------
 -------- help unavailable ----------
 -------- help unavailable ----------
 -------- help unavailable ----------
 -------- help unavailable ----------
 -------- help unavailable ----------
 -------- help unavailable ----------
 -------- help unavailable ----------
 -------- help unavailable ----------
 -------- help unavailable ----------
 -------- help unavailable ----------
 -------- help unavailable ----------
 -------- help unavailable ----------
 -------- help unavailable ----------
 -------- help unavailable ----------
 -------- help unavailable ----------
 -------- help unavailable ----------
 -------- help unavailable ----------
 -------- help unavailable ----------
 -------- help unavailable ----------
 -------- help unavailable ----------
 -------- help unavailable ----------
 -------- help unavailable ----------
 -------- help unavailable ----------
 -------- help unavailable ----------
 -------- help unavailable ----------
 -------- help unavailable ----------
 -------- help unavailable ----------
 -------- help unavailable ----------
 -------- help unavailable ----------
 -------- help unavailable ----------
 -------- help unavailable ----------
 -------- help unavailable ----------
 -------- help unavailable ----------
 -------- help unavailable ----------
 -------- help unavailable ----------
 -------- help unavailable ----------
 -------- help unavailable ----------
 -------- help unavailable ----------
 -------- help unavailable ----------
 -------- help unavailable ----------
 -------- help unavailable ----------
 -------- help unavailable ----------
 -------- help unavailable ----------
 -------- help unavailable ----------
 -------- help unavailable ----------
 -------- help unavailable ----------
 -------- help unavailable ----------
 -------- help unavailable ----------
 -------- help unavailable ----------
 -------- help unavailable ----------
 -------- help unavailable ----------
 -------- help unavailable ----------
 -------- help unavailable ----------
 -------- help unavailable ----------
 -------- help unavailable ----------
 -------- help unavailable ----------
 -------- help unavailable ----------
 -------- help unavailable ----------
 -------- help unavailable ----------
 -------- help unavailable ----------
 -------- help unavailable ----------
 -------- help unavailable ----------
 -------- help unavailable ----------
 -------- help unavailable ----------
 -------- help unavailable ----------
 -------- help unavailable ----------
 -------- help unavailable ----------
 -------- help unavailable ----------
 -------- help unavailable ----------
 -------- help unavailable ----------
 -------- help unavailable ----------
 -------- help unavailable ----------
 -------- help unavailable ----------
 -------- help unavailable ----------
 -------- help unavailable ----------
 -------- help unavailable ----------
 -------- help unavailable ----------
 -------- help unavailable ----------
 -------- help unavailable ----------
 -------- help unavailable ----------
 -------- help unavailable ----------
 -------- help unavailable ----------
 -------- help unavailable ----------
 -------- help unavailable ----------
 -------- help unavailable ----------
 -------- help unavailable ----------
 -------- help unavailable ----------
 -------- help unavailable ----------
 -------- help unavailable ----------
 -------- help unavailable ----------
 -------- help unavailable ----------
 -------- help unavailable ----------
 -------- help unavailable ----------
 -------- help unavailable ----------
 -------- help unavailable ----------
 -------- help unavailable ----------
 -------- help unavailable ----------
 -------- help unavailable ----------
 -------- help unavailable ----------
 -------- help unavailable ----------
 -------- help unavailable ----------
 -------- help unavailable ----------
 -------- help unavailable ----------
 -------- help unavailable ----------
 -------- help unavailable ----------
 -------- help unavailable ----------
 -------- help unavailable ----------
 -------- help unavailable ----------
 -------- help unavailable ----------
 -------- help unavailable ----------
 -------- help unavailable ----------
 -------- help unavailable ----------
 -------- help unavailable ----------
 -------- help unavailable ----------
 -------- help unavailable ----------
 -------- help unavailable ----------
 -------- help unavailable ----------
 -------- help unavailable ----------
 -------- help unavailable ----------
 -------- help unavailable ----------
 -------- help unavailable ----------
 -------- help unavailable ----------
 -------- help unavailable ----------
 -------- help unavailable ----------
 -------- help unavailable ----------
 -------- help unavailable ----------
 -------- help unavailable ----------
 -------- help unavailable ----------
 -------- help unavailable ----------
 -------- help unavailable ----------
 -------- help unavailable ----------
 -------- help unavailable ----------
 -------- help unavailable ----------
 -------- help unavailable ----------
 -------- help unavailable ----------
 -------- help unavailable ----------
 -------- help unavailable ----------
 -------- help unavailable ----------
 -------- help unavailable ----------
 -------- help unavailable ----------
 -------- help unavailable ----------
 -------- help unavailable ----------
 -------- help unavailable ----------
 -------- help unavailable ----------
 -------- help unavailable ----------
 -------- help unavailable ----------
 -------- help unavailable ----------
 -------- help unavailable ----------
 -------- help unavailable ----------
 -------- help unavailable ----------
 -------- help unavailable ----------
 -------- help unavailable ----------
 -------- help unavailable ----------
 -------- help unavailable ----------
 -------- help unavailable ----------
 -------- help unavailable ----------
 -------- help unavailable ----------
 -------- help unavailable ----------
 -------- help unavailable ----------
 -------- help unavailable ----------
 -------- help unavailable ----------
 -------- help unavailable ----------
 -------- help unavailable ----------
 -------- help unavailable ----------
 -------- help unavailable ----------
 -------- help unavailable ----------
 -------- help unavailable ----------
 -------- help unavailable ----------
 -------- help unavailable ----------
 -------- help unavailable ----------
 -------- help unavailable ----------
 -------- help unavailable ----------
 -------- help unavailable ----------
 -------- help unavailable ----------
 -------- help unavailable ----------
 -------- help unavailable ----------
 -------- help unavailable ----------
 -------- help unavailable ----------
 -------- help unavailable ----------
 -------- help unavailable ----------
 -------- help unavailable ----------
 -------- help unavailable ----------
 -------- help unavailable ----------
 -------- help unavailable ----------
 -------- help unavailable ----------
 -------- help unavailable ----------
 -------- help unavailable ----------
total injected energy is 500, system energy is 500 ( in avg 2.98023e-05 per grid point)
Total time: 13.128634
Initialization time: 0.094244
Computation time: 13.119141
  - Internal computation: 13.054853 (99.44%)
  - Border computation: 0.069579 (0.53%)
Communication time: 1.136655
Pack time: 0.000000
Unpack time: 0.000000
Communication/Total ratio: 8.66%
Computation/Total ratio: 99.93%
Other time (overhead): -1.127163 (-8.59%)

Job completed successfully
----------------------------------------------------
