Loading openmpi/4.1.6--gcc--12.2.0
  Loading requirement: gcc/12.2.0-binut2.41
----------------------------------------------------
Job ID: 32601755
Job Name: weak_16x7_2n_p0
Running on 2 nodes
Total MPI tasks: 32
Tasks per node: 16
CPUs per task (OMP_NUM_THREADS): 7
Program arguments: -x 23170 -y 23170 -n 500 -e 1 -p 0 -t 1
 -------- help unavailable ----------
 -------- help unavailable ----------
 -------- help unavailable ----------
 -------- help unavailable ----------
 -------- help unavailable ----------
 -------- help unavailable ----------
 -------- help unavailable ----------
 -------- help unavailable ----------
 -------- help unavailable ----------
 -------- help unavailable ----------
 -------- help unavailable ----------
 -------- help unavailable ----------
 -------- help unavailable ----------
 -------- help unavailable ----------
 -------- help unavailable ----------
 -------- help unavailable ----------
 -------- help unavailable ----------
 -------- help unavailable ----------
 -------- help unavailable ----------
 -------- help unavailable ----------
 -------- help unavailable ----------
 -------- help unavailable ----------
 -------- help unavailable ----------
 -------- help unavailable ----------
 -------- help unavailable ----------
 -------- help unavailable ----------
 -------- help unavailable ----------
 -------- help unavailable ----------
 -------- help unavailable ----------
 -------- help unavailable ----------
 -------- help unavailable ----------
 -------- help unavailable ----------
total injected energy is 500, system energy is 500 ( in avg 2.97933e-05 per grid point)
Total time: 12.937915
Initialization time: 0.093683
Computation time: 12.804474
  - Internal computation: 12.740719 (98.48%)
  - Border computation: 0.065722 (0.51%)
Communication time: 0.568355
Pack time: 0.000000
Unpack time: 0.000000
Communication/Total ratio: 4.39%
Computation/Total ratio: 98.97%
Other time (overhead): -0.434914 (-3.36%)

Job completed successfully
----------------------------------------------------
