Loading openmpi/4.1.6--gcc--12.2.0
  Loading requirement: gcc/12.2.0-binut2.41
----------------------------------------------------
Job ID: 32601756
Job Name: weak_16x7_2n_p1
Running on 2 nodes
Total MPI tasks: 32
Tasks per node: 16
CPUs per task (OMP_NUM_THREADS): 7
Program arguments: -x 23170 -y 23170 -n 500 -e 1 -p 1 -t 1
 -------- help unavailable ----------
 -------- help unavailable ----------
 -------- help unavailable ----------
 -------- help unavailable ----------
 -------- help unavailable ----------
 -------- help unavailable ----------
 -------- help unavailable ----------
 -------- help unavailable ----------
 -------- help unavailable ----------
 -------- help unavailable ----------
 -------- help unavailable ----------
 -------- help unavailable ----------
 -------- help unavailable ----------
 -------- help unavailable ----------
 -------- help unavailable ----------
 -------- help unavailable ----------
 -------- help unavailable ----------
 -------- help unavailable ----------
 -------- help unavailable ----------
 -------- help unavailable ----------
 -------- help unavailable ----------
 -------- help unavailable ----------
 -------- help unavailable ----------
 -------- help unavailable ----------
 -------- help unavailable ----------
 -------- help unavailable ----------
 -------- help unavailable ----------
 -------- help unavailable ----------
 -------- help unavailable ----------
 -------- help unavailable ----------
 -------- help unavailable ----------
 -------- help unavailable ----------
total injected energy is 500, system energy is 500 ( in avg 2.97933e-05 per grid point)
Total time: 13.455487
Initialization time: 0.089628
Computation time: 13.307985
  - Internal computation: 13.244506 (98.43%)
  - Border computation: 0.065940 (0.49%)
Communication time: 1.070028
Pack time: 0.000000
Unpack time: 0.000000
Communication/Total ratio: 7.95%
Computation/Total ratio: 98.90%
Other time (overhead): -0.922526 (-6.86%)

Job completed successfully
----------------------------------------------------
