Loading openmpi/4.1.6--gcc--12.2.0
  Loading requirement: gcc/12.2.0-binut2.41
----------------------------------------------------
Job ID: 32601757
Job Name: weak_16x7_4n_p0
Running on 4 nodes
Total MPI tasks: 64
Tasks per node: 16
CPUs per task (OMP_NUM_THREADS): 7
Program arguments: -x 32768 -y 32768 -n 500 -e 1 -p 0 -t 1
 -------- help unavailable ----------
 -------- help unavailable ----------
 -------- help unavailable ----------
 -------- help unavailable ----------
 -------- help unavailable ----------
 -------- help unavailable ----------
 -------- help unavailable ----------
 -------- help unavailable ----------
 -------- help unavailable ----------
 -------- help unavailable ----------
 -------- help unavailable ----------
 -------- help unavailable ----------
 -------- help unavailable ----------
 -------- help unavailable ----------
 -------- help unavailable ----------
 -------- help unavailable ----------
 -------- help unavailable ----------
 -------- help unavailable ----------
 -------- help unavailable ----------
 -------- help unavailable ----------
 -------- help unavailable ----------
 -------- help unavailable ----------
 -------- help unavailable ----------
 -------- help unavailable ----------
 -------- help unavailable ----------
 -------- help unavailable ----------
 -------- help unavailable ----------
 -------- help unavailable ----------
 -------- help unavailable ----------
 -------- help unavailable ----------
 -------- help unavailable ----------
 -------- help unavailable ----------
 -------- help unavailable ----------
 -------- help unavailable ----------
 -------- help unavailable ----------
 -------- help unavailable ----------
 -------- help unavailable ----------
 -------- help unavailable ----------
 -------- help unavailable ----------
 -------- help unavailable ----------
 -------- help unavailable ----------
 -------- help unavailable ----------
 -------- help unavailable ----------
 -------- help unavailable ----------
 -------- help unavailable ----------
 -------- help unavailable ----------
 -------- help unavailable ----------
 -------- help unavailable ----------
 -------- help unavailable ----------
 -------- help unavailable ----------
 -------- help unavailable ----------
 -------- help unavailable ----------
 -------- help unavailable ----------
 -------- help unavailable ----------
 -------- help unavailable ----------
 -------- help unavailable ----------
 -------- help unavailable ----------
 -------- help unavailable ----------
 -------- help unavailable ----------
 -------- help unavailable ----------
 -------- help unavailable ----------
 -------- help unavailable ----------
 -------- help unavailable ----------
 -------- help unavailable ----------
total injected energy is 500, system energy is 500 ( in avg 2.98023e-05 per grid point)
Total time: 12.820077
Initialization time: 0.091177
Computation time: 12.789671
  - Internal computation: 12.727162 (99.28%)
  - Border computation: 0.065911 (0.51%)
Communication time: 0.597122
Pack time: 0.000000
Unpack time: 0.000000
Communication/Total ratio: 4.66%
Computation/Total ratio: 99.76%
Other time (overhead): -0.566716 (-4.42%)

Job completed successfully
----------------------------------------------------
